
Discarded input sections

 .reginfo       0x0000000000000000       0x18 _syscall.o
 .reginfo       0x0000000000000000       0x18 lib.o
 .reginfo       0x0000000000000000       0x18 kill.o

Memory Configuration

Name             Origin             Length             Attributes
*default*        0x0000000000000000 0xffffffffffffffff

Linker script and memory map

                0x0000000000001000                . = 0x1000

ro_segment      0x0000000000001000     0x2a64
 *(.text .rodata .rodata.*)
 .text          0x0000000000001000       0x24 crt.o
                0x0000000000001000                _start
                0x0000000000001018                __main
 .text          0x0000000000001024        0xc _syscall.o
                0x0000000000001024                _syscall
 .text          0x0000000000001030     0x26c0 lib.o
                0x0000000000001030                syscall_rand
                0x0000000000001074                syscall_kill
                0x00000000000010c4                syscall_sem_open
                0x0000000000001114                syscall_sem_p
                0x000000000000115c                syscall_sem_v
                0x00000000000011a4                syscall_sem_destroy
                0x00000000000011ec                syscall_halt
                0x000000000000122c                syscall_exec
                0x0000000000001274                syscall_execp
                0x00000000000012c8                syscall_exit
                0x0000000000001310                syscall_join
                0x0000000000001358                syscall_fork
                0x0000000000001398                syscall_getpid
                0x00000000000013d8                syscall_memlimit
                0x0000000000001420                syscall_open
                0x0000000000001468                syscall_close
                0x00000000000014b0                syscall_read
                0x0000000000001504                syscall_seek
                0x0000000000001554                syscall_write
                0x00000000000015a8                syscall_create
                0x00000000000015f8                syscall_remove
                0x0000000000001640                strlen
                0x00000000000016a4                strcpy
                0x000000000000174c                strncpy
                0x0000000000001828                strcat
                0x0000000000001880                strncat
                0x0000000000001974                strcmp
                0x00000000000019bc                strncmp
                0x0000000000001af0                memcmp
                0x0000000000001bcc                strstr
                0x0000000000001c70                memset
                0x0000000000001cec                memcpy
                0x0000000000001d80                putc
                0x0000000000001dc4                puts
                0x0000000000001e70                getc_raw
                0x0000000000001eb4                getc
                0x0000000000001f0c                gets
                0x0000000000001fc0                readline
                0x0000000000002ea4                printf
                0x0000000000002f14                snprintf
                0x0000000000002f7c                get_heap_end
                0x0000000000002fb0                malloc
                0x0000000000003218                free
                0x000000000000341c                calloc
                0x00000000000034dc                realloc
                0x00000000000035f8                atoi
 .rodata        0x00000000000036f0      0x110 lib.o
 .text          0x0000000000003800      0x1d8 kill.o
                0x0000000000003800                read
                0x0000000000003840                wait
                0x00000000000038f4                run_program
                0x0000000000003984                main
 .rodata        0x00000000000039d8       0x8c kill.o

rw_segment      0x0000000000004000        0x4
 *(.data .bss COMMON)
 .data          0x0000000000004000        0x0 crt.o
 .bss           0x0000000000004000        0x0 crt.o
 .data          0x0000000000004000        0x0 _syscall.o
 .bss           0x0000000000004000        0x0 _syscall.o
 .data          0x0000000000004000        0x0 lib.o
 .bss           0x0000000000004000        0x4 lib.o
                0x0000000000004000                free_list
 .data          0x0000000000004004        0x0 kill.o
 .bss           0x0000000000004004        0x0 kill.o
                0x0000000000004004                BINARY_ENDS_HERE = .
LOAD crt.o
LOAD _syscall.o
LOAD lib.o
LOAD kill.o
OUTPUT(kill elf32-bigmips)

.reginfo        0x0000000000000000       0x18
 .reginfo       0x0000000000000000       0x18 crt.o

.pdr            0x0000000000000000      0x720
 .pdr           0x0000000000000000       0x40 crt.o
 .pdr           0x0000000000000040       0x20 _syscall.o
 .pdr           0x0000000000000060      0x640 lib.o
 .pdr           0x00000000000006a0       0x80 kill.o

.mdebug.abi32   0x0000000000000000        0x0
 .mdebug.abi32  0x0000000000000000        0x0 lib.o
 .mdebug.abi32  0x0000000000000000        0x0 kill.o

.comment        0x0000000000000000       0x11
 .comment       0x0000000000000000       0x11 lib.o
                                         0x12 (size before relaxing)
 .comment       0x0000000000000000       0x12 kill.o

.gnu.attributes
                0x0000000000000000       0x10
 .gnu.attributes
                0x0000000000000000       0x10 lib.o
 .gnu.attributes
                0x0000000000000010       0x10 kill.o

Cross Reference Table

Symbol                                            File
__main                                            crt.o
_start                                            crt.o
_syscall                                          _syscall.o
                                                  lib.o
atoi                                              lib.o
calloc                                            lib.o
free                                              lib.o
free_list                                         lib.o
get_heap_end                                      lib.o
getc                                              lib.o
getc_raw                                          lib.o
gets                                              lib.o
main                                              kill.o
                                                  crt.o
malloc                                            lib.o
memcmp                                            lib.o
memcpy                                            lib.o
memset                                            lib.o
printf                                            lib.o
                                                  kill.o
putc                                              lib.o
puts                                              lib.o
                                                  kill.o
read                                              kill.o
readline                                          lib.o
realloc                                           lib.o
run_program                                       kill.o
snprintf                                          lib.o
strcat                                            lib.o
strcmp                                            lib.o
strcpy                                            lib.o
strlen                                            lib.o
strncat                                           lib.o
strncmp                                           lib.o
strncpy                                           lib.o
strstr                                            lib.o
syscall_close                                     lib.o
syscall_create                                    lib.o
syscall_exec                                      lib.o
                                                  kill.o
syscall_execp                                     lib.o
syscall_exit                                      lib.o
syscall_fork                                      lib.o
syscall_getpid                                    lib.o
syscall_halt                                      lib.o
syscall_join                                      lib.o
syscall_kill                                      lib.o
                                                  kill.o
syscall_memlimit                                  lib.o
syscall_open                                      lib.o
syscall_rand                                      lib.o
syscall_read                                      lib.o
                                                  kill.o
syscall_remove                                    lib.o
syscall_seek                                      lib.o
syscall_sem_destroy                               lib.o
syscall_sem_open                                  lib.o
syscall_sem_p                                     lib.o
syscall_sem_v                                     lib.o
syscall_write                                     lib.o
wait                                              kill.o
